[pyc] semantic regressions v6 run-id=20260907-issue42-scalar-pyc
jit-cache: miss
/Users/zhoubot/linx-isa/tools/pyCircuit/.pycircuit_out/semantic_v6/xz_value_model_smoke/cpp_build/src/CMakeLists.txt
-- The CXX compiler identification is AppleClang 21.0.0.21000101
-- Detecting CXX compiler ABI info
-- Detecting CXX compiler ABI info - done
-- Check for working CXX compiler: /usr/bin/c++ - skipped
-- Detecting CXX compile features
-- Detecting CXX compile features - done
-- Configuring done (0.2s)
-- Generating done (0.0s)
-- Build files have been written to: /Users/zhoubot/linx-isa/tools/pyCircuit/.pycircuit_out/semantic_v6/xz_value_model_smoke/cpp_build/build
[1/3] Building CXX object CMakeFiles/pyc_tb.dir/Users/zhoubot/linx-isa/tools/pyCircuit/.pycircuit_out/semantic_v6/xz_value_model_smoke/device/cpp/xz_value_model_smoke/xz_value_model_smoke.cpp.o
[2/3] Building CXX object CMakeFiles/pyc_tb.dir/Users/zhoubot/linx-isa/tools/pyCircuit/.pycircuit_out/semantic_v6/xz_value_model_smoke/tb/tb_xz_value_model_smoke.cpp.o
[3/3] Linking CXX executable pyc_tb
OK
- /Users/zhoubot/linx-isa/tools/pyCircuit/.pycircuit_out/semantic_v6/xz_value_model_smoke/tb/tb_xz_value_model_smoke.sv:87: Verilog $finish
- S i m u l a t i o n   R e p o r t: Verilator 5.044 2026-01-01
- Verilator: $finish at 11ns; walltime 0.000 s; speed 47.009 us/s
- Verilator: cpu 0.000 s on 1 threads; alloced 2 MB
/Users/zhoubot/linx-isa/tools/pyCircuit/.pycircuit_out/semantic_v6/xz_value_model_smoke/project_manifest.json
jit-cache: miss
/Users/zhoubot/linx-isa/tools/pyCircuit/.pycircuit_out/semantic_v6/reset_invalidate_order_smoke/cpp_build/src/CMakeLists.txt
-- The CXX compiler identification is AppleClang 21.0.0.21000101
-- Detecting CXX compiler ABI info
-- Detecting CXX compiler ABI info - done
-- Check for working CXX compiler: /usr/bin/c++ - skipped
-- Detecting CXX compile features
-- Detecting CXX compile features - done
-- Configuring done (0.2s)
-- Generating done (0.0s)
-- Build files have been written to: /Users/zhoubot/linx-isa/tools/pyCircuit/.pycircuit_out/semantic_v6/reset_invalidate_order_smoke/cpp_build/build
[1/3] Building CXX object CMakeFiles/pyc_tb.dir/Users/zhoubot/linx-isa/tools/pyCircuit/.pycircuit_out/semantic_v6/reset_invalidate_order_smoke/device/cpp/reset_invalidate_order_smoke/reset_invalidate_order_smoke.cpp.o
[2/3] Building CXX object CMakeFiles/pyc_tb.dir/Users/zhoubot/linx-isa/tools/pyCircuit/.pycircuit_out/semantic_v6/reset_invalidate_order_smoke/tb/tb_reset_invalidate_order_smoke.cpp.o
[3/3] Linking CXX executable pyc_tb
OK
- /Users/zhoubot/linx-isa/tools/pyCircuit/.pycircuit_out/semantic_v6/reset_invalidate_order_smoke/tb/tb_reset_invalidate_order_smoke.sv:87: Verilog $finish
- S i m u l a t i o n   R e p o r t: Verilator 5.044 2026-01-01
- Verilator: $finish at 11ns; walltime 0.000 s; speed 49.550 us/s
- Verilator: cpu 0.000 s on 1 threads; alloced 2 MB
/Users/zhoubot/linx-isa/tools/pyCircuit/.pycircuit_out/semantic_v6/reset_invalidate_order_smoke/project_manifest.json
jit-cache: miss
/Users/zhoubot/linx-isa/tools/pyCircuit/.pycircuit_out/semantic_v6/net_resolution_depth_smoke/cpp_build/src/CMakeLists.txt
-- The CXX compiler identification is AppleClang 21.0.0.21000101
-- Detecting CXX compiler ABI info
-- Detecting CXX compiler ABI info - done
-- Check for working CXX compiler: /usr/bin/c++ - skipped
-- Detecting CXX compile features
-- Detecting CXX compile features - done
-- Configuring done (0.2s)
-- Generating done (0.0s)
-- Build files have been written to: /Users/zhoubot/linx-isa/tools/pyCircuit/.pycircuit_out/semantic_v6/net_resolution_depth_smoke/cpp_build/build
[1/3] Building CXX object CMakeFiles/pyc_tb.dir/Users/zhoubot/linx-isa/tools/pyCircuit/.pycircuit_out/semantic_v6/net_resolution_depth_smoke/device/cpp/net_resolution_depth_smoke/net_resolution_depth_smoke.cpp.o
[2/3] Building CXX object CMakeFiles/pyc_tb.dir/Users/zhoubot/linx-isa/tools/pyCircuit/.pycircuit_out/semantic_v6/net_resolution_depth_smoke/tb/tb_net_resolution_depth_smoke.cpp.o
[3/3] Linking CXX executable pyc_tb
OK
- /Users/zhoubot/linx-isa/tools/pyCircuit/.pycircuit_out/semantic_v6/net_resolution_depth_smoke/tb/tb_net_resolution_depth_smoke.sv:81: Verilog $finish
- S i m u l a t i o n   R e p o r t: Verilator 5.044 2026-01-01
- Verilator: $finish at 11ns; walltime 0.000 s; speed 239.130 us/s
- Verilator: cpu 0.000 s on 1 threads; alloced 2 MB
/Users/zhoubot/linx-isa/tools/pyCircuit/.pycircuit_out/semantic_v6/net_resolution_depth_smoke/project_manifest.json
ok: reset/invalidate ordering
[pyc] semantic regressions passed
